
============================================================
[2026-09-11 10:05:00] 新会话开始
============================================================
[日志] 已写入 ..\logs\ggz_20260911.log
[用户=a59404fe safeid=571062e7 出战角色zid=3005]
=== 战场状态 ===
{'段位': 'CCC', '进度': '94%', '狗牌': '0', '出击': '0', '连胜': '4', '连败': '0'}

=== 工坊 ===
宝石工坊 每种道具会随机一位角色加工，加工角色不影响争夺出击，该角色的等级越高越提升成功率，如果没有该角色卡片则计0级。 各宝石拥有量决定对应道具的基础概率。 加工时间可以提升成功率到100%，如果觉得成功概率较低，可以多等一些时间再收工。 已拾取 251430贝壳 Lv.800 伊 (赶海中...) 红石6 每分钟 +170贝壳 41.412%概率出产 随机装备箱 Lv.190 默 (组装中...) 银石6 每分钟 +0.028%概率 25.8825%概率出产 灵魂药水 Lv.186 琳 (调制中...) 金石1 每分钟 +0.0175%概率 54.723%概率出产 宝石原石 Lv.800 

=== 翻牌区 ===
&nbsp; 舞 &nbsp; &nbsp; 默 &nbsp; &nbsp; 琳 &nbsp; &nbsp; 艾 &nbsp; &nbsp; 梦 &nbsp; &nbsp; 薇 &nbsp; &nbsp; 伊 &nbsp; &nbsp; 冥 &nbsp; &nbsp; 命 &nbsp; &nbsp; 希 &nbsp; &nbsp; 霞 &nbsp; &nbsp; 绮 &nbsp;

============================================================
[2026-09-11 10:05:30] 新会话开始
============================================================
[日志] 已写入 ..\logs\ggz_20260911.log
[用户=a59404fe safeid=571062e7 出战角色zid=3005]

==================== [加点] ====================
总属性点 2608 | 已分配 2608 | 可分配 0
当前六维: {'力量': 1564, '敏捷': 348, '智力': 1, '体魄': 347, '精神': 1, '意志': 347}
加点策略: 薇 → {'main': '敏捷', 'sub': ['智力', '意志']}
无需加点

==================== [工坊收菜] ====================
[收工前] 加工角色等级/宝石数/效率：
  贝壳: Lv.800 伊 | 红石6 | 每分钟 +170贝壳
  随机装备箱: Lv.190 默 | 银石6 | 每分钟 +0.028%概率 | 预计 2091 分钟（34小时51分）到 100%
  灵魂药水: Lv.186 琳 | 金石1 | 每分钟 +0.0175%概率 | 预计 4234 分钟（70小时34分）到 100%
  宝石原石: Lv.800 冥 | 梦石4 | 每分钟 +0.037%概率 | 预计 1223 分钟（20小时23分）到 100%
  星沙: Lv.800 命 | 虚石0 | 每分钟 +0.0019星沙
  幻影经验: Lv.800 艾 | 幻石0 | 每分钟 +0.056幻影经验
工坊加工中 → 收工...

[c=30 收工返回] 269 字符
<p>收工统计</p><p class="fyg_f18 text-success">收获251600枚贝壳</p><p class="fyg_f18 text-warning">收获2粒星沙</p><p class="fyg_f18 text-danger">感悟82幻影等级经验</p><p class="fyg_f18 text-gray">随机装备箱组装失败</p><p class="fyg_f18 text-gray">灵魂药水调制失败</p><p class="fyg_f18 text-gray">宝石原石打磨失败</p>
收工后未自动开工 → 手动开工...

[c=30 开工返回] 26 字符
开工了！请根据成功率选择收工时间（8小时内不可收工）
[新开工] 加工角色等级/宝石数/效率：
  贝壳: Lv.800 命 | 红石6 | 每分钟 +170贝壳
  随机装备箱: Lv.800 伊 | 银石6 | 每分钟 +0.05%概率 | 预计 2000 分钟（33小时20分）到 100%
  灵魂药水: Lv.800 希 | 金石1 | 每分钟 +0.034%概率 | 预计 2941 分钟（49小时01分）到 100%
  宝石原石: Lv.190 默 | 梦石4 | 每分钟 +0.0205%概率 | 预计 4878 分钟（81小时18分）到 100%
  星沙: Lv.193 薇 | 虚石0 | 每分钟 +0.0008星沙
  幻影经验: Lv.800 梦 | 幻石0 | 每分钟 +0.056幻影经验

==================== [宝石提升] ====================
宝石原石持有: 0
无宝石原石，跳过提升宝石

==================== [光环提升] ====================
光环天赋石持有: 0
无光环天赋石，跳过提升光环

==================== [商店] ====================
c=11 BVIP打卡包(免费): 已获得 1星沙 、 20000贝壳 ，本商品每日限1次。
当前段位: CCC → 未到 B，商店（星沙购买项）未开放，跳过

==================== [许愿池] ====================
贝壳: 725718
贝壳 < 300w，跳过许愿（combo 模式攒够 300w 一次 10 连）

==================== [沙滩收取] ====================
仓库剩余空格: 26
沙滩自然刷新倒计时: 11 分钟
随机装备箱持有: 21
沙滩空，无装备
→ 自然刷新倒计时仅剩 11 分钟（归零后约 4~14 分钟延迟），即将自动冲装备 → 跳过本次（保留装备箱）

==================== [出击打野] ====================

--- 出击 #1 前状态: 段位CCC 94% 狗牌0/0 连胜4 连败0 模式=pvp ---
出击结果: retry（打人）
  ↪ 打人轮空/平局，切打野

--- 出击 #2 前状态: 段位CCC 94% 狗牌0/0 连胜4 连败0 模式=pve ---
出击结果: win（打野）
  野怪: 营养均衡的史莱姆（野怪 Lv.54） 盾21600 血16200 天赋['复合护盾', '圣盾祝福', '伤口恶化', '精神创伤', '忍无可忍', '热血战魂', '午时已到', '绝对底线']
出击后: 狗牌1 出击1 连胜0 连败0

--- 出击 #3 前状态: 段位B 10% 狗牌1/1 连胜0 连败0 模式=pve ---
出击结果: lose（打野）
  野怪: 营养均衡的史莱姆（野怪 Lv.100） 盾40000 血30000 天赋['复合护盾', '圣盾祝福', '伤口恶化', '精神创伤', '忍无可忍', '热血战魂', '午时已到', '绝对底线']
  ↪ 打野失败，模拟胜率 0% < 40% → 换卡
  ↪ 换卡链按模拟胜率重排（vs SHI:100，n=100）:
     舞0% > 默0% > 琳0% > 艾0% > 梦3% > 伊0% > 冥0% > 命0% > 希13% > 霞0% > 绮0% > 薇0%
  🔄 模拟判定打不过 → 切换出战角色 zid=3009
[换装] 希
换装完成: 0 件（旧件已回仓库，账号级共享全号生效）
总属性点 2608 | 已分配 2608 | 可分配 0
当前六维: {'力量': 1564, '敏捷': 348, '智力': 1, '体魄': 347, '精神': 1, '意志': 347}
加点策略: 希 → {'main': '体魄', 'sub': ['意志', '力量']}
切换加点方案: {'力量': 522, '敏捷': 1, '智力': 1, '体魄': 1561, '精神': 1, '意志': 522} (总计2608)

[c=2 加点返回] 19 字符
已完成属性加点（今日还可修改 9 次）
  ↪ 新卡模拟胜率 0% vs SHI:100（阈值 40%）

--- 出击 #4 前状态: 段位B 9% 狗牌1/2 连胜0 连败1 模式=pvp ---
出击结果: lose（打人）
  ↪ 打人失败，切打野

--- 出击 #5 前状态: 段位B 6% 狗牌1/3 连胜0 连败2 模式=pve ---
出击结果: lose（打野）
  野怪: 营养均衡的史莱姆（野怪 Lv.97） 盾38800 血29100 天赋['复合护盾', '圣盾祝福', '伤口恶化', '精神创伤', '忍无可忍', '热血战魂', '午时已到', '绝对底线']
  ↪ 打野失败，模拟胜率 0% < 40% → 换卡
  🔄 模拟判定打不过 → 切换出战角色 zid=3004
[换装] 梦
  武器  ✓ 荆棘盾剑 470% → 幽梦匕首 465%(q3) id=14740475
  手环  ✓ 噬魔戒指 444% → 秃鹫手环 459%(q3) id=14748940
  防具  ✓ 战线支撑者的荆棘重甲 508% → 旅法师的灵光袍 509%(q3) id=14727321
  耳环  ✓保留 占星师的耳饰 498%(神秘)
换装完成: 3 件（旧件已回仓库，账号级共享全号生效）
总属性点 2608 | 已分配 2608 | 可分配 0
当前六维: {'力量': 522, '敏捷': 1, '智力': 1, '体魄': 1561, '精神': 1, '意志': 522}
加点策略: 梦 → {'main': '敏捷', 'sub': ['精神', '智力']}
切换加点方案: {'力量': 1, '敏捷': 1561, '智力': 522, '体魄': 1, '精神': 522, '意志': 1} (总计2608)

[c=2 加点返回] 19 字符
已完成属性加点（今日还可修改 8 次）
  ↪ 新卡模拟胜率 26% vs SHI:97（阈值 40%）

--- 出击 #6 前状态: 段位B 5% 狗牌1/4 连胜0 连败3 模式=pvp ---
出击结果: retry（打人）
  ↪ 打人轮空/平局，切打野

--- 出击 #7 前状态: 段位B 5% 狗牌1/4 连胜0 连败3 模式=pve ---
出击结果: lose（打野）
  野怪: 营养均衡的史莱姆（野怪 Lv.97） 盾38800 血29100 天赋['复合护盾', '圣盾祝福', '伤口恶化', '精神创伤', '忍无可忍', '热血战魂', '午时已到', '绝对底线']
  ↪ 打野失败，模拟胜率 26% < 40% → 换卡
  🔄 模拟判定打不过 → 切换出战角色 zid=3000
[换装] 舞
  武器  ✓ 幽梦匕首 465% → 狂信者的荣誉之刃 518%(q4) id=14748887
  手环  ✓ 秃鹫手环 459% → 海星戒指 458%(q3) id=14783069
  防具  ✓ 旅法师的灵光袍 509% → 挑战斗篷 450%(q3) id=14727328
  耳环  ✓ 占星师的耳饰 498%(神秘) → 猎魔耳环 436%(q3) id=14736786
换装完成: 4 件（旧件已回仓库，账号级共享全号生效）
总属性点 2608 | 已分配 2608 | 可分配 0
当前六维: {'力量': 1, '敏捷': 1561, '智力': 522, '体魄': 1, '精神': 522, '意志': 1}
加点策略: 舞 → {'main': '力量', 'sub': ['敏捷', '体魄', '意志']}
切换加点方案: {'力量': 1562, '敏捷': 348, '智力': 1, '体魄': 348, '精神': 1, '意志': 348} (总计2608)

[c=2 加点返回] 19 字符
已完成属性加点（今日还可修改 7 次）
  ↪ 新卡模拟胜率 1% vs SHI:97（阈值 40%）

--- 出击 #8 前状态: 段位B 4% 狗牌1/5 连胜0 连败4 模式=pvp ---
出击结果: retry（打人）
  ↪ 打人轮空/平局，切打野

--- 出击 #9 前状态: 段位B 4% 狗牌1/5 连胜0 连败4 模式=pve ---
出击结果: win（打野）
  野怪: 营养均衡的史莱姆（野怪 Lv.94） 盾37600 血28200 天赋['复合护盾', '圣盾祝福', '伤口恶化', '精神创伤', '忍无可忍', '热血战魂', '午时已到', '绝对底线']
出击后: 狗牌2 出击6 连胜1 连败0

--- 出击 #10 前状态: 段位B 5% 狗牌2/6 连胜1 连败0 模式=pve ---
出击结果: lose（打野）
  野怪: 营养均衡的史莱姆（野怪 Lv.94） 盾37600 血28200 天赋['复合护盾', '圣盾祝福', '伤口恶化', '精神创伤', '忍无可忍', '热血战魂', '午时已到', '绝对底线']
  ↪ 打野失败，模拟胜率 8% < 40% → 换卡
  🔄 模拟判定打不过 → 切换出战角色 zid=3001
[换装] 默
  武器  ✓ 狂信者的荣誉之刃 518% → 荆棘盾剑 470%(q3) id=14808690
  手环  ✓保留 海星戒指 458%
  防具  ✓ 挑战斗篷 450% → 旅法师的灵光袍 509%(q3) id=14808696
  耳环  ✓ 猎魔耳环 436% → 占星师的耳饰 498%(神秘) id=14808697
换装完成: 3 件（旧件已回仓库，账号级共享全号生效）
总属性点 2608 | 已分配 2608 | 可分配 0
当前六维: {'力量': 1562, '敏捷': 348, '智力': 1, '体魄': 348, '精神': 1, '意志': 348}
加点策略: 默 → {'main': '精神', 'sub': ['智力', '意志']}
切换加点方案: {'力量': 1, '敏捷': 1, '智力': 522, '体魄': 1, '精神': 1561, '意志': 522} (总计2608)

[c=2 加点返回] 19 字符
已完成属性加点（今日还可修改 6 次）
  ↪ 新卡模拟胜率 0% vs SHI:94（阈值 40%）

--- 出击 #11 前状态: 段位B 4% 狗牌2/7 连胜0 连败1 模式=pvp ---
出击结果: retry（打人）
  ↪ 打人轮空/平局，切打野

--- 出击 #12 前状态: 段位B 4% 狗牌2/7 连胜0 连败1 模式=pve ---
出击结果: lose（打野）
  野怪: 营养均衡的史莱姆（野怪 Lv.100） 盾40000 血30000 天赋['复合护盾', '圣盾祝福', '伤口恶化', '精神创伤', '忍无可忍', '热血战魂', '午时已到', '绝对底线']
  ↪ 打野失败，模拟胜率 0% < 40% → 换卡
  🔄 模拟判定打不过 → 切换出战角色 zid=3002
[换装] 琳
换装完成: 0 件（旧件已回仓库，账号级共享全号生效）
总属性点 2608 | 已分配 2608 | 可分配 0
当前六维: {'力量': 1, '敏捷': 1, '智力': 522, '体魄': 1, '精神': 1561, '意志': 522}
加点策略: 琳 → {'main': '力量', 'sub': ['体魄', '意志']}
切换加点方案: {'力量': 1561, '敏捷': 1, '智力': 1, '体魄': 522, '精神': 1, '意志': 522} (总计2608)

[c=2 加点返回] 19 字符
已完成属性加点（今日还可修改 5 次）
  ↪ 新卡模拟胜率 0% vs SHI:100（阈值 40%）

--- 出击 #13 前状态: 段位B 3% 狗牌2/8 连胜0 连败2 模式=pvp ---
出击结果: lose（打人）
  ↪ 打人失败，切打野

--- 出击 #14 前状态: 段位CCC 90% 狗牌2/9 连胜0 连败0 模式=pve ---
出击结果: lose（打野）
  野怪: 营养均衡的史莱姆（野怪 Lv.56） 盾22400 血16800 天赋['复合护盾', '圣盾祝福', '伤口恶化', '精神创伤', '忍无可忍', '热血战魂', '午时已到', '绝对底线']
  ↪ 打野失败，模拟胜率 0% < 40% → 换卡
  🔄 模拟判定打不过 → 切换出战角色 zid=3003
[换装] 艾
换装完成: 0 件（旧件已回仓库，账号级共享全号生效）
总属性点 2608 | 已分配 2608 | 可分配 0
当前六维: {'力量': 1561, '敏捷': 1, '智力': 1, '体魄': 522, '精神': 1, '意志': 522}
加点策略: 艾 → {'main': '力量', 'sub': ['体魄', '意志']}
目标配置与当前一致，无需改动
  ↪ 新卡模拟胜率 0% vs SHI:56（阈值 40%）

--- 出击 #15 前状态: 段位CCC 89% 狗牌2/10 连胜0 连败1 模式=pvp ---
出击结果: retry（打人）
  ↪ 打人轮空/平局，切打野

--- 出击 #16 前状态: 段位CCC 89% 狗牌2/10 连胜0 连败1 模式=pve ---
出击结果: lose（打野）
  野怪: 营养均衡的史莱姆（野怪 Lv.36） 盾14400 血10800 天赋['复合护盾', '圣盾祝福', '伤口恶化', '精神创伤', '忍无可忍', '热血战魂', '午时已到', '绝对底线']
  ↪ 打野失败，模拟胜率 0% < 40% → 换卡
  🔄 模拟判定打不过 → 切换出战角色 zid=3006

============================================================
[2026-09-11 10:09:26] 新会话开始
============================================================
[日志] 已写入 ..\logs\ggz_20260911.log
[换装] 伊
  武器  ✓ 荆棘盾剑 470% → 狂信者的荣誉之刃 518%(q4) id=14808698
  手环  ✓ 海星戒指 458% → 噬魔戒指 444%(q3) id=14808691
  防具  ✓ 旅法师的灵光袍 509% → 战线支撑者的荆棘重甲 508%(q3) id=14808692
  耳环  ✓ 占星师的耳饰 498%(神秘) → 猎魔耳环 436%(q3) id=14808700
换装完成: 4 件（旧件已回仓库，账号级共享全号生效）
总属性点 2608 | 已分配 2608 | 可分配 0
当前六维: {'力量': 1561, '敏捷': 1, '智力': 1, '体魄': 522, '精神': 1, '意志': 522}
  ⚠️ 请求重试 1/3: HTTPSConnectionPool(host='www.momozhen.com', port=443): Max retries exceeded with url: /fyg_index.php (Caused by SSLError(SSLEOFError(8, '[SSL: UNEXPECTED_EOF_WHILE_READING] EOF occurred in violation of protocol (_ssl.c:1082)')))（1.3s 后重试）
加点策略: 伊 → {'main': '力量', 'sub': ['敏捷', '意志']}
切换加点方案: {'力量': 1561, '敏捷': 522, '智力': 1, '体魄': 1, '精神': 1, '意志': 522} (总计2608)

[c=2 加点返回] 19 字符
已完成属性加点（今日还可修改 4 次）
  ↪ 新卡模拟胜率 100% vs SHI:36（阈值 40%）

--- 出击 #17 前状态: 段位CCC 88% 狗牌2/11 连胜0 连败2 模式=pvp ---
[用户=a59404fe safeid=571062e7 出战角色zid=3006]

--- 出击 #1 前状态: 段位CCC 88% 狗牌2/11 连胜0 连败2 模式=pvp ---
出击结果: retry（打人）
  ↪ 打人轮空/平局，切打野
出击结果: retry（打人）
  ↪ 打人轮空/平局，切打野

--- 出击 #18 前状态: 段位CCC 88% 狗牌2/11 连胜0 连败2 模式=pve ---

--- 出击 #2 前状态: 段位CCC 88% 狗牌2/11 连胜0 连败2 模式=pve ---
出击结果: win（打野）
  野怪: 营养均衡的史莱姆（野怪 Lv.60） 盾24000 血18000 天赋['复合护盾', '圣盾祝福', '伤口恶化', '精神创伤', '忍无可忍', '热血战魂', '午时已到', '绝对底线']
出击结果: win（打野）
  野怪: 营养均衡的史莱姆（野怪 Lv.60） 盾24000 血18000 天赋['复合护盾', '圣盾祝福', '伤口恶化', '精神创伤', '忍无可忍', '热血战魂', '午时已到', '绝对底线']
出击后: 狗牌4 出击13 连胜2 连败0
出击后: 狗牌4 出击13 连胜2 连败0

--- 出击 #19 前状态: 段位CCC 90% 狗牌4/13 连胜2 连败0 模式=pve ---
✅ 已拿满 3 狗牌，停止出击（--full 可打满）

=== 出击结束 ===
{'段位': 'CCC', '进度': '90%', '狗牌': '4', '出击': '13', '连胜': '2', '连败': '0'}

==================== [翻牌] ====================

--- 出击 #3 前状态: 段位CCC 90% 狗牌4/13 连胜2 连败0 模式=pve ---
✅ 已拿满 3 狗牌，停止出击（--full 可打满）

=== 出击结束 ===
翻牌区状态:
  1. &nbsp; 舞 &nbsp; [未翻]
  2. &nbsp; 默 &nbsp; [未翻]
  3. &nbsp; 琳 &nbsp; [未翻]
  4. &nbsp; 艾 &nbsp; [未翻]
  5. &nbsp; 梦 &nbsp; [未翻]
  6. &nbsp; 薇 &nbsp; [未翻]
  7. &nbsp; 伊 &nbsp; [未翻]
  8. &nbsp; 冥 &nbsp; [未翻]
  9. &nbsp; 命 &nbsp; [未翻]
  10. &nbsp; 希 &nbsp; [未翻]
  11. &nbsp; 霞 &nbsp; [未翻]
  12. &nbsp; 绮 &nbsp; [未翻]
已翻颜色计数: {}
{'段位': 'CCC', '进度': '90%', '狗牌': '4', '出击': '13', '连胜': '2', '连败': '0'}

翻牌 #1 (&nbsp; 舞 &nbsp;): 
  已翻: {'蓝(幸运)': 1}

翻牌 #2 (&nbsp; 默 &nbsp;): 
  已翻: {'蓝(幸运)': 1, '绿(稀有)': 1}

翻牌 #3 (&nbsp; 琳 &nbsp;): 
  已翻: {'蓝(幸运)': 1, '绿(稀有)': 1, '黄(史诗)': 1}

翻牌 #4 (&nbsp; 艾 &nbsp;): 
  已翻: {'蓝(幸运)': 1, '绿(稀有)': 1, '黄(史诗)': 2}

翻牌 #5 (&nbsp; 梦 &nbsp;): 
  已翻: {'蓝(幸运)': 1, '绿(稀有)': 2, '黄(史诗)': 2}

翻牌 #6 (&nbsp; 薇 &nbsp;): 
  已翻: {'蓝(幸运)': 1, '绿(稀有)': 2, '黄(史诗)': 2, '红(传说)': 1}

翻牌 #7 (&nbsp; 伊 &nbsp;): 
  已翻: {'蓝(幸运)': 1, '绿(稀有)': 2, '黄(史诗)': 2, '红(传说)': 2}

翻牌 #8 (&nbsp; 冥 &nbsp;): 
  已翻: {'蓝(幸运)': 2, '绿(稀有)': 2, '黄(史诗)': 2, '红(传说)': 2}

翻牌 #9 (&nbsp; 命 &nbsp;): 获得26013贝壳、23648争夺经验（进度加成22.5%） 随机装备箱 x 1 灵魂药水 x 1 锻造材料箱 x 1 光环天赋石 x 1 体能刺激药水 x 1
🎉 结算完成！

=== 今日日常完成 ===
=== 战场状态 ===
{'段位': 'CCC', '进度': '90%', '狗牌': '4', '出击': '13', '连胜': '2', '连败': '0'}

=== 工坊 ===
宝石工坊 每种道具会随机一位角色加工，加工角色不影响争夺出击，该角色的等级越高越提升成功率，如果没有该角色卡片则计0级。 各宝石拥有量决定对应道具的基础概率。 加工时间可以提升成功率到100%，如果觉得成功概率较低，可以多等一些时间再收工。 已拾取 680贝壳 Lv.800 命 (赶海中...) 红石6 每分钟 +170贝壳 0.2%概率出产 随机装备箱 Lv.800 伊 (组装中...) 银石6 每分钟 +0.05%概率 0.136%概率出产 灵魂药水 Lv.800 希 (调制中...) 金石1 每分钟 +0.034%概率 0.082%概率出产 宝石原石 Lv.190 默 (打磨中...) 

=== 翻牌区 ===
&nbsp; 幸运 &nbsp; &nbsp; 稀有 &nbsp; &nbsp; 史诗 &nbsp; &nbsp; 史诗 &nbsp; &nbsp; 稀有 &nbsp; &nbsp; 传说 &nbsp; &nbsp; 传说 &nbsp; &nbsp; 幸运 &nbsp; &nbsp; 传说 &nbsp; &nbsp; 希 &nbsp; &nbsp; 霞 &nbsp; &nbsp; 绮 &nbsp;

============================================================
[2026-09-11 10:17:48] 新会话开始
============================================================
[日志] 已写入 ..\logs\ggz_20260911.log
  ⚠️ 请求重试 1/3: HTTPSConnectionPool(host='www.momozhen.com', port=443): Max retries exceeded with url: /fyg_index.php (Caused by SSLError(SSLEOFError(8, '[SSL: UNEXPECTED_EOF_WHILE_READING] EOF occurred in violation of protocol (_ssl.c:1082)')))（1.5s 后重试）
[用户=a59404fe safeid=571062e7 出战角色zid=3006]
翻牌区状态:
  1. &nbsp; 幸运 &nbsp; [蓝(幸运)]
  2. &nbsp; 稀有 &nbsp; [绿(稀有)]
  3. &nbsp; 史诗 &nbsp; [黄(史诗)]
  4. &nbsp; 史诗 &nbsp; [黄(史诗)]
  5. &nbsp; 稀有 &nbsp; [绿(稀有)]
  6. &nbsp; 传说 &nbsp; [红(传说)]
  7. &nbsp; 传说 &nbsp; [红(传说)]
  8. &nbsp; 幸运 &nbsp; [蓝(幸运)]
  9. &nbsp; 传说 &nbsp; [红(传说)]
  10. &nbsp; 希 &nbsp; [未翻]
  11. &nbsp; 霞 &nbsp; [未翻]
  12. &nbsp; 绮 &nbsp; [未翻]
已翻颜色计数: {'蓝(幸运)': 2, '绿(稀有)': 2, '黄(史诗)': 2, '红(传说)': 3}
✅ 已有同色 3 张（今日已结算），翻牌完成
