============================================================
[2026-08-14 00:00:00] 装备记录开始
============================================================

> 装备记录（沙滩/翻牌/许愿/工坊/熔炼产物 + 账号快照）。
> 用户名/safeid 已脱敏。每日装备明细亦见 ggz_YYYYMMDD.log（脚本自动生成）。

### 2026-08-14（CCC 史莱姆实测战报，绝伤瓶颈第三次实证）

**背景：** 日常出击 3 连胜 CC 92% → **升 CCC 10%**（5 连胜升段）→ CCC 野怪立刻暴涨到 **Lv.46**（CC 段仅 Lv.10-14）。浏览器直连 `fyg_v_intel.php id=1` 实测两场打野，均败。

**对手：** 营养均衡的史莱姆（野怪 Lv.46），18400 护盾 / 13800 生命
天赋：复合护盾 / 圣盾祝福 / 伤口恶化 / 精神创伤 / 忍无可忍 / 热血战魂 / **午时已到** / **绝对底线**

**本场总数据（第二场完整战报 79.6KB）：**

| | 物伤 | 法伤 | 绝伤 | 回血 | 掉血 | 回盾 | 掉盾 |
|------|------|------|------|------|------|------|------|
| 舞（我方） | 182678 | 22406 | **0** | 85778 | 177852 | 771 | 15513 |
| 史莱姆 | 212520 | 189614 | 114080 | 24334 | **0** | 30829 | 25994 |

**败因三层（与 02 §4.1 / 08-11 记录完全一致）：**
1. **《绝对底线》减伤**：我方 20.5 万物法总伤被砍 90%，全程只磨护盾，史莱姆**掉血 0**
2. **史莱姆高回盾**（复合护盾+圣盾祝福，回盾 30829 > 我方掉盾输出 25994）+ 我方绝伤 0 → 永远打不穿
3. **《午时已到》递增伤害**：我方 22.5% 吸血拖长战斗 → 野怪输出越叠越高（总伤 51.6 万）打穿我方 9.5 万血

**结果：** 两场败仗 → 掉回 **CC 90%**（掉段送 1 狗牌）。CC↔CCC 横跳死循环再次复现（02 §5.3）。

**天赋点进度：** 6 → 21（用户集中使用光环天赋石提升光环至 21.74%）。

**⭐ 削骨之痛已点亮（2026-08-14，用户手动）：** 天赋点 21 ≥ 20，已点出并保存**削骨之痛(205)**。当前配置：启程之誓(101)+启程之心(102)+削骨之痛(205)，4 技能位用 3 剩 1。

**⭐ 削骨之痛实战验证（2026-08-14 晚，浏览器实测）：**
- CC 90% 打野 5 连胜（出击 8→13）→ 升 **CCC 10%**
- 挑战 CCC 史莱姆 Lv.44：**仍败**，但绝伤 0→**3234**（天赋生效确认）
- **新瓶颈 = 破盾**：史莱姆 18400 盾 + 回盾 25481（复合护盾/圣盾祝福）≈4.4 万盾池，我方全场有效输出仅 ~2.3 万（磨掉 53%），**史莱姆掉血仍为 0**——所有伤害含绝伤都打在盾上
- 估算：精神创伤(-70%回盾)后盾池 ~2.6 万，我方 2.3 万输出**仍略差**→ 需精神创伤+伤口恶化(各30点) 或 神秘装绝伤词条补强
- 战后 CCC 9%，出击 14/20；天赋点 21（精神创伤差 9 点）
- **结论修正**：突破 CCC 是组合拳——削骨之痛(绝伤来源)✅ + 精神创伤(破盾必需)❌待点 + 伤口恶化(防回血)❌待点
**突破路线（二选一，非必须双天赋）：**
- 天赋线：攒光环天赋石 → c=29 提升光环 → 天赋点 ≥20 先点**削骨之痛**（绝伤来源，核心）；精神创伤（-70% 回盾）是辅助，优先级次之
- 装备线：**神秘装带绝伤词条**（01 §3.8：打野必须靠绝对伤害 = 削骨之痛天赋 **或** 神秘装绝伤；舞打野配装 = 神秘重剑+沸血+吸血/HP）

**日常策略维持不变：** CC 段拿满 3 狗牌即停，不硬冲 CCC（脚本 pk 默认行为）。

---
