============================================================
[2026-08-12 00:00:00] 装备记录开始
============================================================

> 装备记录（沙滩/翻牌/许愿/工坊/熔炼产物 + 账号快照）。
> 用户名/safeid 已脱敏。每日装备明细亦见 ggz_YYYYMMDD.log（脚本自动生成）。

### 2026-08-12

**日常执行方式变更 ⭐：** 不再依赖浏览器/手动操作，改用 **HTTP 直连脚本**（`tools/get_cookies.py` 提 cookie + `tools/ggz_daily.py` 跑日常），全动态解析（用户名/出战角色/safeid），发布友好。

**加点（舞 Lv.801，总属性点 2601）：** 剩余 3 点已分配 → 力量1559→**1560** / 体魄470→**471** / 意志519→**520**（今日可修改剩 9 次）

**工坊：** 开工状态丢失 bug 再现（隔天变"开始加工"）→ 已重新开工（8 小时内不可收工），红石2 / 各栏产出概率 1.7-2.3%

**出击 5 次（CCC 段绝伤瓶颈依旧）：**
- CCC 6%（连败4）→ 第 5 败 → **掉段回 CC 90%**（进度清零降级，送 1 狗牌）
- CC 段连胜 2 场 → **狗牌 3/5 拿满**（今日只需 3 狗牌即停），进度 **CC 92%**
- 出击数 5/20，段位 CC 92%（连胜2）

**翻牌（3 幸运结算）：** +8929 贝壳 + 8118 争夺经验（进度+23%）+ 随机装备箱×1
- 实测机制补全：f=10 按钮 `btn-info/success/warning/danger` = 幸运/稀有/史诗/传说；c=8 翻牌成功**直接返回结算文本**（含"获得"）

**许愿池：** ⏭️ 贝壳 287249 < 30w 跳过
**商店：** ⏭️ shop_err 未开放（B 段才开）
**沙滩：** 空沙滩（f=1 返回空），跳过

**账号日终快照（2026-08-12）：**

| 项目 | 值 |
|------|-----|
| 段位 / 进度 | **CC** / 92%（连胜2；CCC 打不过掉回 CC 收 3 狗牌） |
| 等级 | 48（+8118 经验待升级） |
| 贝壳 | ~296k（287249 + 8929 翻牌） |
| 今日出击 / 狗牌 | 5/20 / 3 枚（已翻牌结算） |
| 舞加点 | 力量1560 / 体魄471 / 意志520（剩余0） |
| 天赋 | 5 天赋点（不够 20 点，未加） |
| 仓库 | 21 装备 + 3 护身符 + 随机装备箱×2 |
| 身上 | 探险者之剑584%(q4)/命师手环502%(q3)/复苏战衣450%(q4神秘)/凶神耳环425%(q3) |
| 工坊 | 已重新开工（0 时起算），红石2 |
| 待验证 | CC 段打野稳赢（Lv.14 史莱姆）；CCC 突破仍需绝伤/天赋点 20 |

---
