============================================================
[2026-08-13 00:00:00] 装备记录开始
============================================================

> 装备记录（沙滩/翻牌/许愿/工坊/熔炼产物 + 账号快照）。
> 用户名/safeid 已脱敏。每日装备明细亦见 ggz_YYYYMMDD.log（脚本自动生成）。

### 2026-08-13

**cookie 过期实测 ⭐：** 游戏 cookie（`endtime`）**有效期约 24h 从登录时算**，日常中途可能过期（08-13 出击完翻牌前刚好过期 10 分钟，`--login` 重刷解决）→ 日常前先 `get_cookies.py --login` 保险

**加点：** ⏭️ 总点 2601 = 已分配 2601（昨日已加满，无剩余）

**工坊收菜（约 21 小时产出）：** 收获 **211050 贝壳** + **2 粒星沙** + **32 幻影等级经验** + **灵魂药水×1**（随机装备箱组装失败 / 宝石原石打磨失败）→ **收工后未自动开工 bug 再现**，脚本自动手动补开工

**宝石提升：** ⏭️ 刚重新开工，宝石原石栏概率 0%，无存量

**许愿池：** ✅ 贝壳 507228 ≥ 30w → 许愿 1 次：**附加物理伤害 +1!**（耗 30 万，余 207228）

**商店：** ⏭️ shop_err 未开放（B 段才开，当前 CCC/CC）

**沙滩：** 空沙滩，跳过

**出击 3 次（CCC 掉段循环）：**
- CCC 6%（连败4）→ 第 5 败 → **掉段回 CC 90%**（送 1 狗牌）
- CC 段连胜 2 场 → **狗牌 3 拿满** → 停止，段位 **CC 92%**（出击 3/20）

**翻牌（3 史诗结算）：** +10714 贝壳 + 9741 争夺经验（进度+23%）+ 随机装备箱×1 + 灵魂药水×1 + 锻造材料箱×1 + **光环天赋石×1**
- ⚠️ **脚本 bug 修复**：gift 的 `parse_gift` 用 `re.findall("<button[^>]*>(.*?)</button>")` 只捕获按钮**内容**不含 onclick → 误判全"已翻"；改为捕获完整标签 `<button[^>]*>.*?</button>` 后正常

**账号日终快照（2026-08-13）：**

| 项目 | 值 |
|------|-----|
| 段位 / 进度 | **CC** / 92%（连胜2；CCC 打不过掉回 CC 收 3 狗牌） |
| 等级 | 48（+9741 经验待升级） |
| 贝壳 | ~218k（207228 + 10714 翻牌） |
| 今日出击 / 狗牌 | 3/20 / 3 枚（已翻牌结算） |
| 舞加点 | 力量1560 / 体魄471 / 意志520（剩余0） |
| 天赋 | 6 天赋点（翻牌得光环天赋石+1，仍不够 20 点） |
| 仓库 | 21 装备 + 3 护身符 + 随机装备箱×3 + 灵魂药水×2 + 锻造材料箱×1 + 光环天赋石×1 |
| 身上 | 探险者之剑584%(q4)/命师手环502%(q3)/复苏战衣450%(q4神秘)/凶神耳环425%(q3) |
| 工坊 | 已重新开工，红石2 |
| 待验证 | 光环天赋石积累中（天赋点 6/20）；CCC 突破仍需绝伤 |

---


---

### 2026-08-13 晚（沙滩清理 + 仓库整理，新规则首测）

**沙滩收取规则更新（用户指定，长期）⭐：**
```
① 橙装≥516% → 无脑收
② 神秘 → 必收
③ 能熔炼（品质≥3 且总值≥410% 且无神秘 且非橙装）→ 收，供用户手动熔炼（长期规则）
④ 红/橙词条：含高价值词条 → ≥450% 无脑收；无高价值词条 → ≥500% 无脑收
⑤ 同部位对比 / 空部位 → 收
其余 → c=20 清理。熔炼不自动（手动 smelt 命令）。
高价值词条 = 生命偷取/附加物伤/附加魔伤/附加物穿/附加魔穿/技能概率/暴击概率/攻击速度
```

**沙滩清理（f=1，20 件）：** 拾取 2 件可熔炼（萌爪耳钉 476% q3、战线支撑者的荆棘重甲 429% q3）→ 其余 18 件 `c=20` 回收 → **蓝锻造石×46**（锻造石 963→1009）

**仓库整理（f=2）：** 旧解析混入沙滩装备 id，实际仓库剩 5 件，**全部符合保留规则（可熔炼）**，无需清理：
| 装备 | 品质 | 总值 | 词条 | 保留原因 |
|------|------|------|------|---------|
| 陨铁重剑 | 3 | 501% | 红+高价值 | 可熔炼 |
| 陨铁重剑 | 3 | 481% | 红+高价值 | 可熔炼 |
| 探险者布甲 | 3 | 506% | 橙红 | 可熔炼 |
| 战线支撑者的荆棘重甲 | 3 | 429% | 橙红 | 可熔炼 |
| 萌爪耳钉 | 3 | 476% | 橙红 | 可熔炼 |

**熔炼验证（浏览器实测）：**
- `c=9&id=<仓库装备id>&yz=124` → 返回新护身符 id（已确认接口）
- 提升宝石 `c=27&id=1`（红石）→ `红石+1！`（耗宝石原石 1，原石 7→6）
- 提升光环 `c=29&id=29` → `天赋光环提升 5.48%！`（耗光环天赋石 1，天赋石 2→1）
- 强制刷新 `c=12` → 沙滩计时重置 1320 分钟（耗随机装备箱 1，5→4）

**当前仓库（2026-08-13 晚）：** 5 装备（全部可熔炼）+ 3 护身符 + 道具（体能药水1/锻造箱1/灵魂药水17/随机装备箱4/宝石原石5/蓝锻石1009/绿锻石65/苹果核46）

---


---

### 2026-08-13 深夜（浏览器完整日常 + 仓库遗留清理）

**⚠️ 仓库清理链路确认（用户提示 + 实测）**：仓库 `c=7` 丢弃的装备**回到沙滩**（id 会变）→ 需 `c=20` 沙滩回收才变锻造石。之前 f=2 解析混入的 17 件"旧仓库装备"实际都在沙滩（id 已变），本次 `c=20` 回收 → **蓝锻造石×47**（1009→1056）

**每日规则完整跑一轮（浏览器实测）：**
| 步骤 | 结果 |
|------|------|
| ① 加点 | ⏭️ 2601/2601 无剩余 |
| ② 工坊 | ⏭️ 8 小时保护（开工 2h，已拾取 21700 贝壳/红石3） |
| ③ 宝石提升 | ⏭️ **今日 5 次上限已满**（新发现：`今日宝石收集次数已达上限，每天上限 5 次。`） |
| ④ 光环提升 | ✅ 光环 11.08% → 提升（耗最后 1 天赋石，天赋石 1→0） |
| ⑤ 许愿 | ⏭️ 贝壳 217942 < 30w |
| ⑥ 沙滩 | ✅ 17 件回收 → 蓝锻石×47 |
| ⑦ 出击 | ⏭️ 今日 3 狗牌已够（CC 92%，出击 3/20） |
| ⑧ 翻牌 | ⏭️ 今日已结算（3 黄史诗，早间） |

**当前仓库（2026-08-13 深夜）：** 5 装备（全可熔炼）+ 3 护身符 + 道具（体能药水1/锻造箱1/灵魂药水17/随机装备箱4/宝石原石5/蓝锻石1056/绿锻石65/苹果核46/光环天赋石0）

**宝石提升失败复盘（2026-08-13 深夜）：**
- 尝试 6 连发（银金梦虚幻红），**仅 3 成功**（银0→1/金0→1/梦0→1，原石 5→2），虚石/幻石/红石失败
- **原因：服务器限流**——连发第 4 个起 fetch 超时（5s 上限），请求未发出
- 教训：**c=27 不能连发**，每次间隔 ≥2s 或分批；今日 5 次上限已满，剩 2 原石明日用
- 当前宝石：红3/银1/金1/梦1/虚0/幻0（原石剩 2）

---
