============================================================
[2026-08-11 00:00:00] 装备记录开始
============================================================

> 装备记录（沙滩/翻牌/许愿/工坊/熔炼产物 + 账号快照）。
> 用户名/safeid 已脱敏。每日装备明细亦见 ggz_YYYYMMDD.log（脚本自动生成）。

### 2026-08-11

**沙滩获取（9 件，全部 Lv.100）：**

| 装备 | 品质 | 总值 | 词条 | 神秘 | 处置 |
|------|------|------|------|------|------|
| 荆棘盾剑 | 1 | 313% | 79/72/82/80 | 无 | 清理→蓝锻石 |
| 命师手环 | 2 | 366% | 114/96/77/79 | 无 | 清理→蓝锻石 |
| 复苏战衣 | 1 | 279% | 65/63/80/71 | 无 | 清理→蓝锻石 |
| 探险者铁甲 | 2 | 336% | 95/67/96/78 | 无 | ⚠️ 误拾取入仓（应清理，留仓待处理） |
| **凶神耳环** | **3** | **425%** | 105/131/100/89 | 无 | ✅ **拾取并穿上**（替换萌爪耳钉386%） |
| 探险者之剑 | 2 | 383% | 116/98/81/88 | 无 | 清理→蓝锻石 |
| 探险者短杖 | 2 | 348% | 77/110/68/93 | 无 | 清理→蓝锻石 |
| 狂信者之刃 | 2 | 381% | 81/88/100/112 | 无 | 清理→蓝锻石 |
| 灵光袍 | 2 | 390% | 78/125/114/73 | 无 | 清理→蓝锻石 |

→ 拾取 1 件（凶神耳环 425% q3，> 身上萌爪耳钉 386%，按 4.5 规则收+替换）+ 误拾探险者铁甲 336%（解析 id 错位导致），其余 7 件 c=20 清理得 **蓝锻石×17**

> ⚠️ **解析教训（2026-08-11）**：f=1 装备按钮的 `onclick="zbtip('ID','4')"` 中的 ID 属于**该按钮**，而 icon（zXXXX_N.gif）与 title 在**同一按钮内 onclick 之前**——按"块首 id"解析会整体错位一位，导致拾取错装备。正确：`zXXXX.gif → title → onclick id` 同一按钮内配对（详见 05 数据格式）。

**翻牌奖励（3 传说结算）：** 7441 贝壳 + 6765 争夺经验（进度+2.5%）+ 随机装备箱×1 + 灵魂药水×1（翻 8 张：幸运×2/稀有×2/史诗×1/传说×3）

**出击 20 次全记录（2026-08-11 晚）：**
- 初始 CC 10% → 打野 3 胜 → **升 CCC 9%**（5 连胜升段）→ CCC 野怪 Lv.48 打不过 → 连败 4 → **掉回 CC 91%**（进度清零降级，自动送 1 狗牌）→ CC 野怪稳赢 4 连胜 → **又升 CCC 9%** → 再败 2 → **20 次打满**（14/20 出击时掉段又升段，狗牌 3→14）
- 最终 **CCC 8%**（连败 2），第 21 次返回"今日已主动出击20次，达到上限"（31 字节确认）
- **绝伤瓶颈实测确认**：CCC 段野怪 Lv.48，我方物伤 44472+法伤 4428 被《绝对底线》减伤 90%，**绝伤 0 砍不动**；野怪绝伤 41760 直接打穿生命 → 无绝伤无法突破 CCC（与 02 §4.1 记录一致）
- PVP 轮空实测：CCC 段连打 2 次"随机对手近日无胜场，不计出击次数，请重试"（29 字节）
- ⚠️ 探险者铁甲 336%（8-11 误拾）已手动清理

---


---

### 2026-08-11 账号日终快照

| 项目 | 值 |
|------|-----|
| 段位 / 进度 | **CCC** / 8%（连败2，20 次出击打满后回落） |
| 等级 | 48 |
| 贝壳 | 287249 |
| 今日出击 / 狗牌 | **20/20（满）** / 14 枚（翻牌已结算） |
| 舞加点 | 力量1559 / 体魄470 / 意志519（剩余0） |
| 天赋 | 启程之誓101 + 启程之心102（5 天赋点，不够 20 点天赋，未加） |
| 仓库 | 21 装备 + 3 护身符 + 随机装备箱×1 + 灵魂药水×1 |
| 身上 | 探险者之剑584%(q4)/命师手环502%(q3)/复苏战衣450%(q4神秘)/凶神耳环425%(q3) |
| 饰品栏 | 智力+2×1（15226734），其余 7 槽空 |
| 工坊 | 已自动重新开工（26h36m 收工），红石2 |
| 待验证 | CCC 段突破需**绝伤**（削骨之痛205 天赋 / 神秘装绝伤）；天赋点 20 后可点削骨之痛 |

---
