============================================================
[2026-08-16 00:00:00] 装备记录开始
============================================================

> 装备记录（沙滩/翻牌/许愿/工坊/熔炼产物 + 账号快照）。
> 用户名/safeid 已脱敏。每日装备明细亦见 ggz_YYYYMMDD.log（脚本自动生成）。

### 2026-08-16（beach 空窗期 bug 修复 + 沙滩补处理）

**⚠️ c=12 强制刷新空窗期实测（2026-08-16 深夜修正，探针实测 ~64 秒）：**
- 早晨脚本 `all`：沙滩空 → 自动 `c=12` 刷新（耗 1 装备箱）→ 旧代码 12 秒重试（6×2s）读 `f=1` 仍空 → 装备滞留沙滩，后续拾取/清理全跳过
- 午间误判"空窗期 10+ 分钟"并禁止自动刷新（实为限流致连续请求返回空 + 恰好空窗期采样）——**深夜探针实测纠正**：c=12 后 f=1 空窗期仅 **~64 秒**（2s 轮询：+2s/0件 → +30s/0件 → +60s/0件 → +64s/10件）
- **修复**：`beach()` 恢复自动刷新（沙滩空+有箱 → c=12 → 45×2s=90s 重试窗口覆盖 64s 空窗）；`beach_refresh()` 传 `allow_refresh=False` 防二次刷新白耗箱子；文档 05 §4.5 同步

**沙滩补处理（空窗期过后，10 件 Lv.100）：**

| 装备 | 品质 | 总值 | 词条 | 神秘 | 处置 |
|------|------|------|------|------|------|
| 复苏战衣 | 5 | 487% | 橙+红 | ✅ | 收仓（神秘必收） |
| 彩金长剑 | 2 | 388% | 橙 | 无 | ⚠️ 误收仓（q2 低值，应清理） |
| 饮血魔剑 | 1 | 293% | - | 无 | ⚠️ 误收仓（白板，应清理） |
| 清澈长槊 | 2 | 383% | - | 无 | ⚠️ 误收仓（q2 低值，应清理） |
| 命师的传承手环 | 2 | 340% | - | 无 | 清理→蓝锻石 |
| 秃鹫手环 | 1 | 295% | - | 无 | 清理→蓝锻石 |
| 占星师的耳饰 | 1 | 281% | - | 无 | 清理→蓝锻石 |
| 噬魔戒指 | 2 | 401% | 橙 | 无 | 清理→蓝锻石 |
| 占星师的耳饰 | 2 | 358% | 橙 | 无 | 清理→蓝锻石 |
| 陨铁重剑 | 2 | 387% | - | 无 | 清理→蓝锻石 |

→ 拾取 4 件（复苏战衣 487% 神秘 + 3 武器）入仓，其余 6 件 `c=20` 清理得 **蓝锻造石×14**

> ⚠️ **误收根因（2026-08-16 深夜，已修复）**：`equip_decision` ⑤ 同部位对比旧代码取 icon 数字前 3 位（`2111[:3]`=`"211"`），但武器类 icon 内部还细分（探险者之剑 `2101`/陨铁重剑 `2109`/饮血魔剑 `2110`/彩金长剑 `2111`/清澈长槊 `2112`）→ 沙滩 211x 武器 vs 身上 210x 武器被判"不同部位"→ 走"空部位直接收"→ **白板/蓝装武器全入仓**。修复：改为 icon 前 2 位数字（21武器/22手环/23衣服/24饰品），已用当日数据验证（修复后仅复苏战衣[神秘]被收）。

**每日核对（浏览器权威，全部通过）：** 许愿成功（c=18 服务器确认"今天已经许愿过了"，f=19 fields[2]=0 不可靠已增强判断）；出击 6 次 3 狗牌 CC 92%（f=12：3/6、连胜2）；翻牌幸运×3 结算；bonus 已领（体能药水 1→0）；工坊收菜+开工；gemup 银石 1→2（m=6 权威：红3/银2/金1/梦1/虚0/幻0）

**账号当前（2026-08-16）：**

| 项目 | 值 |
|------|-----|
| 段位 / 进度 | **CC** / 92%（出击 6/20，3 狗牌已领） |
| 贝壳 | 23636（许愿 -30w + 翻牌/bonus 少量） |
| 仓库 | 装备若干 + 道具（锻造箱2/灵魂药水20/随机装备箱4/蓝锻石1109/绿锻石65/苹果核46，体能药水0） |
| 工坊 | 已开工（红石3/银石2/金石1/梦石1），下次收菜约 21h |
